// Jest Snapshot v1, https://goo.gl/fbAQLP

exports[`ListOfPublishedProfiles limits the number of rendered profiles with the limit prop 1`] = `
<ul
  class="publishedProfilesList"
>
  <li
    class="publishedProfilesListItem"
  >
    <a
      class="publishedProfilesLink"
      href="http://localhost//public/MACOSX/marker-chart/"
      title="Click here to load profile MacOS X profile"
    >
      <div
        class="publishedProfilesDate"
      >
        Jul 5, 2020
      </div>
      <div
        class="publishedProfilesInfo"
      >
        <div
          class="publishedProfilesName"
        >
          <strong>
            MacOS X profile
          </strong>
           (
          38.0s
          )
        </div>
        <div
          class="profileMetaInfoSummary"
        >
          <div
            class="profileMetaInfoSummaryProductAndVersion"
            data-product="Firefox"
          >
            Firefox 62
          </div>
          <div
            class="profileMetaInfoSummaryPlatform"
            data-toolkit="macOS 10.12"
          >
            macOS 10.12
          </div>
        </div>
      </div>
    </a>
  </li>
  <li
    class="publishedProfilesListItem"
  >
    <a
      class="publishedProfilesLink"
      href="http://localhost//"
      title="Click here to load profile #012345"
    >
      <div
        class="publishedProfilesDate"
      >
        2:00 PM
      </div>
      <div
        class="publishedProfilesInfo"
      >
        <div
          class="publishedProfilesName"
        >
          <strong>
            Profile #012345
          </strong>
           (
          2.0s
          )
        </div>
        <div
          class="profileMetaInfoSummary"
        >
          <div
            class="profileMetaInfoSummaryProductAndVersion"
            data-product="Fennec"
          >
            Fennec
          </div>
          <div
            class="profileMetaInfoSummaryPlatform"
            data-toolkit=""
          />
        </div>
      </div>
    </a>
  </li>
  <li
    class="publishedProfilesListItem"
  >
    <a
      class="publishedProfilesLink"
      href="http://localhost//public/WINDOWS/marker-chart/"
      title="Click here to load profile Another good profile"
    >
      <div
        class="publishedProfilesDate"
      >
        1:00 PM
      </div>
      <div
        class="publishedProfilesInfo"
      >
        <div
          class="publishedProfilesName"
        >
          <strong>
            Another good profile
          </strong>
           (
          38.0s
          )
        </div>
        <div
          class="profileMetaInfoSummary"
        >
          <div
            class="profileMetaInfoSummaryProductAndVersion"
            data-product="Firefox"
          >
            Firefox 77
          </div>
          <div
            class="profileMetaInfoSummaryPlatform"
            data-toolkit="Windows 10"
          >
            Windows 10
          </div>
        </div>
      </div>
    </a>
  </li>
</ul>
`;
