// Jest Snapshot v1, https://goo.gl/fbAQLP

exports[`MarkerTable renders some basic markers 1`] = `
<div
  className="markerTable"
>
  <div
    className="markerTableSettings"
  >
    <div
      className="markerTableSettingsSpacer"
    />
    <div
      className="markerTableSettingsSearchbar"
    >
      <label
        className="markerTableSettingsSearchbarLabel"
      >
        Filter Markers: 
        <form
          className="idleSearchField markerTableSettingsSearchField"
          onSubmit={[Function]}
        >
          <input
            className="idleSearchFieldInput"
            name="search"
            onBlur={[Function]}
            onChange={[Function]}
            onFocus={[Function]}
            required="required"
            title="Only display markers that match a certain name"
            type="search"
            value=""
          />
          <input
            className="idleSearchFieldButton"
            onClick={[Function]}
            onFocus={[Function]}
            type="reset"
          />
        </form>
      </label>
    </div>
  </div>
  <div
    className="treeView"
  >
    <div
      className="treeViewHeader"
    >
      <span
        className="treeViewHeaderColumn treeViewFixedColumn timestamp"
      >
        Time Stamp
      </span>
      <span
        className="treeViewHeaderColumn treeViewFixedColumn category"
      >
        Category
      </span>
      <span
        className="treeViewHeaderColumn treeViewMainColumn name"
      >
        
      </span>
    </div>
    <div
      className="react-contextmenu-wrapper treeViewContextMenu"
      onContextMenu={[Function]}
      onMouseDown={[Function]}
      onMouseOut={[Function]}
      onMouseUp={[Function]}
      onTouchEnd={[Function]}
      onTouchStart={[Function]}
    >
      <div
        className="treeViewBody"
        onKeyDown={[Function]}
        tabIndex={0}
      >
        <div
          className="treeViewBodyInnerWrapper"
        >
          <div
            className="treeViewBodyInner treeViewBodyInner0"
            style={
              Object {
                "height": "32px",
                "width": undefined,
              }
            }
          >
            <div
              className="treeViewBodyInner treeViewBodyInner0TopSpacer"
              style={
                Object {
                  "height": "0px",
                }
              }
            />
            <div
              className="treeViewBodyInner treeViewBodyInner0InnerChunk"
            >
              <div
                className="treeViewRow treeViewRowFixedColumns even "
                onMouseDown={[Function]}
                style={
                  Object {
                    "height": "16px",
                  }
                }
              >
                <span
                  className="treeViewRowColumn treeViewFixedColumn timestamp"
                >
                  0.000s
                </span>
                <span
                  className="treeViewRowColumn treeViewFixedColumn category"
                >
                  DOMEvent
                </span>
              </div>
              <div
                className="treeViewRow treeViewRowFixedColumns odd "
                onMouseDown={[Function]}
                style={
                  Object {
                    "height": "16px",
                  }
                }
              >
                <span
                  className="treeViewRowColumn treeViewFixedColumn timestamp"
                >
                  0.002s
                </span>
                <span
                  className="treeViewRowColumn treeViewFixedColumn category"
                >
                  unknown
                </span>
              </div>
            </div>
          </div>
          <div
            className="treeViewBodyInner treeViewBodyInner1"
            style={
              Object {
                "height": "32px",
                "width": "3000px",
              }
            }
          >
            <div
              className="treeViewBodyInner treeViewBodyInner1TopSpacer"
              style={
                Object {
                  "height": "0px",
                }
              }
            />
            <div
              className="treeViewBodyInner treeViewBodyInner1InnerChunk"
            >
              <div
                className="treeViewRow treeViewRowScrolledColumns even  "
                onMouseDown={[Function]}
                style={
                  Object {
                    "height": "16px",
                  }
                }
              >
                <span
                  className="treeRowIndentSpacer"
                  style={
                    Object {
                      "width": "0px",
                    }
                  }
                />
                <span
                  className="treeRowToggleButton collapsed leaf"
                />
                <span
                  className="treeViewRowColumn treeViewMainColumn name"
                >
                  [0.80ms] commandupdate
                </span>
              </div>
              <div
                className="treeViewRow treeViewRowScrolledColumns odd  "
                onMouseDown={[Function]}
                style={
                  Object {
                    "height": "16px",
                  }
                }
              >
                <span
                  className="treeRowIndentSpacer"
                  style={
                    Object {
                      "width": "0px",
                    }
                  }
                />
                <span
                  className="treeRowToggleButton collapsed leaf"
                />
                <span
                  className="treeViewRowColumn treeViewMainColumn name"
                >
                  UserTiming [foobar]
                </span>
              </div>
            </div>
          </div>
        </div>
      </div>
    </div>
  </div>
</div>
`;
