// Jest Snapshot v1, https://goo.gl/fbAQLP

exports[`<MetaInfoPanel> Full View Button is present when we are in the active tab view 1`] = `
<div>
  <button
    class="menuButtonsButton menuButtonsButton-hasIcon menuButtonsRevertToFullView"
    type="button"
  >
    Full View
  </button>
  <div
    class="buttonWithPanel"
  >
    <button
      aria-expanded="false"
      class="buttonWithPanelButton menuButtonsButton menuButtonsMetaInfoButtonButton menuButtonsButton-hasIcon menuButtonsMetaInfoButtonButton-local"
      type="button"
    >
      Local Profile
    </button>
  </div>
  <div
    class="buttonWithPanel"
  >
    <button
      aria-expanded="false"
      class="buttonWithPanelButton menuButtonsButton menuButtonsShareButtonButton menuButtonsButton-hasIcon"
      type="button"
    >
      Upload
    </button>
  </div>
  <a
    class="menuButtonsButton menuButtonsButton-hasLeftBorder"
    href="/docs/"
    target="_blank"
    title="Open the documentation in a new window"
  >
    Docs
    <i
      class="open-in-new"
    />
  </a>
</div>
`;

exports[`<MetaInfoPanel> matches the snapshot 1`] = `
<div>
  <h2
    class="metaInfoSubTitle"
  >
    Profile Information
  </h2>
  <div
    class="metaInfoSection"
  >
    <div
      class="metaInfoRow"
    >
      <span
        class="metaInfoLabel"
      >
        Recording started:
      </span>
      toLocaleString Sat, 09 Apr 2016 17:02:32 GMT
    </div>
    <div
      class="metaInfoRow"
    >
      <span
        class="metaInfoLabel"
      >
        Interval:
      </span>
      1ms
    </div>
    <div
      class="metaInfoRow"
    >
      <span
        class="metaInfoLabel"
      >
        Profile Version:
      </span>
      33
    </div>
    <div
      class="metaInfoRow"
    >
      <span
        class="metaInfoLabel"
      >
        Buffer Capacity:
      </span>
      16.0KB
    </div>
    <div
      class="metaInfoRow"
    >
      <span
        class="metaInfoLabel"
      >
        Buffer Duration:
      </span>
      20 seconds
    </div>
    <div
      class="metaInfoSection"
    >
      <div
        class="metaInfoRow"
      >
        <span
          class="metaInfoLabel"
        >
          Features
          :
        </span>
        <ul
          class="metaInfoList"
        >
          <li
            class="metaInfoListItem"
          >
            js
          </li>
          <li
            class="metaInfoListItem"
          >
            threads
          </li>
        </ul>
      </div>
      <div
        class="metaInfoRow"
      >
        <span
          class="metaInfoLabel"
        >
          Threads Filter
          :
        </span>
        <ul
          class="metaInfoList"
        >
          <li
            class="metaInfoListItem"
          >
            GeckoMain
          </li>
          <li
            class="metaInfoListItem"
          >
            DOM Worker
          </li>
        </ul>
      </div>
    </div>
    <div
      class="metaInfoRow"
    >
      <span
        class="metaInfoLabel"
      >
        Symbols:
      </span>
      Profile is not symbolicated
    </div>
    <div
      class="metaInfoRow"
    >
      <span
        class="metaInfoLabel"
      />
      <button
        class="photon-button photon-button-micro"
        type="button"
      >
        Symbolicate profile
      </button>
    </div>
  </div>
  <h2
    class="metaInfoSubTitle"
  >
    Application
  </h2>
  <div
    class="metaInfoSection"
  >
    <div
      class="metaInfoRow"
    >
      <span
        class="metaInfoLabel"
      >
        Name and version:
      </span>
      Firefox 48
    </div>
    <div
      class="metaInfoRow"
    >
      <span
        class="metaInfoLabel"
      >
        Update Channel:
      </span>
      nightly
    </div>
    <div
      class="metaInfoRow"
    >
      <span
        class="metaInfoLabel"
      >
        Build ID:
      </span>
      20181126165837
    </div>
    <div
      class="metaInfoRow"
    >
      <span
        class="metaInfoLabel"
      >
        Build Type:
      </span>
      Debug
    </div>
    <div
      class="metaInfoRow"
    >
      <span
        class="metaInfoLabel"
      >
        Extensions
        :
      </span>
      <ul
        class="metaInfoList"
      >
        <li
          class="metaInfoListItem"
        >
          Form Autofill
        </li>
        <li
          class="metaInfoListItem"
        >
          Firefox Screenshots
        </li>
        <li
          class="metaInfoListItem"
        >
          Gecko Profiler
        </li>
      </ul>
    </div>
  </div>
  <h2
    class="metaInfoSubTitle"
  >
    Platform
  </h2>
  <div
    class="metaInfoSection"
  >
    <div
      class="metaInfoRow"
    >
      <span
        class="metaInfoLabel"
      >
        OS:
      </span>
      macOS 10.11
    </div>
    <div
      class="metaInfoRow"
    >
      <span
        class="metaInfoLabel"
      >
        ABI:
      </span>
      x86_64-gcc3
    </div>
    <div
      class="metaInfoRow"
    >
      <span
        class="metaInfoLabel"
      >
        CPU:
      </span>
      4 physical cores
      , 
      8 logical cores
    </div>
  </div>
  <details>
    <summary
      class="arrowPanelSubTitle"
    >
      Profiler Overhead
    </summary>
    <div
      class="arrowPanelSection"
    >
      <div
        class="metaInfoGrid"
      >
        <div />
        <div>
          Mean
        </div>
        <div>
          Max
        </div>
        <div>
          Min
        </div>
        <div>
          Overhead
        </div>
        <div>
          227μs
        </div>
        <div>
          410μs
        </div>
        <div>
          38μs
        </div>
        <div>
          Cleaning
        </div>
        <div>
          54μs
        </div>
        <div>
          100μs
        </div>
        <div>
          7.0μs
        </div>
        <div>
          Counter
        </div>
        <div>
          59μs
        </div>
        <div>
          105μs
        </div>
        <div>
          12μs
        </div>
        <div>
          Interval
        </div>
        <div>
          857μs
        </div>
        <div>
          1,000μs
        </div>
        <div>
          0.000μs
        </div>
        <div>
          Lockings
        </div>
        <div>
          49μs
        </div>
        <div>
          95μs
        </div>
        <div>
          2.0μs
        </div>
      </div>
      <div
        class="metaInfoRow"
      >
        <span
          class="metaInfoWideLabel"
        >
          Overhead Durations:
        </span>
        <span
          class="metaInfoValueRight"
        >
          1,586μs
        </span>
      </div>
      <div
        class="metaInfoRow"
      >
        <span
          class="metaInfoWideLabel"
        >
          Overhead Percentage:
        </span>
        <span
          class="metaInfoValueRight"
        >
          26,433%
        </span>
      </div>
      <div
        class="metaInfoRow"
      >
        <span
          class="metaInfoWideLabel"
        >
          Profiled Duration:
        </span>
        <span
          class="metaInfoValueRight"
        >
          6.0μs
        </span>
      </div>
    </div>
  </details>
</div>
`;

exports[`<MetaInfoPanel> with no statistics object should not make the app crash 1`] = `
<div>
  <h2
    class="metaInfoSubTitle"
  >
    Profile Information
  </h2>
  <div
    class="metaInfoSection"
  >
    <div
      class="metaInfoRow"
    >
      <span
        class="metaInfoLabel"
      >
        Recording started:
      </span>
      toLocaleString Sat, 09 Apr 2016 17:02:32 GMT
    </div>
    <div
      class="metaInfoRow"
    >
      <span
        class="metaInfoLabel"
      >
        Interval:
      </span>
      1ms
    </div>
    <div
      class="metaInfoRow"
    >
      <span
        class="metaInfoLabel"
      >
        Profile Version:
      </span>
      33
    </div>
    <div
      class="metaInfoRow"
    >
      <span
        class="metaInfoLabel"
      >
        Symbols:
      </span>
      Profile is not symbolicated
    </div>
    <div
      class="metaInfoRow"
    >
      <span
        class="metaInfoLabel"
      />
      <button
        class="photon-button photon-button-micro"
        type="button"
      >
        Symbolicate profile
      </button>
    </div>
  </div>
  <h2
    class="metaInfoSubTitle"
  >
    Application
  </h2>
  <div
    class="metaInfoSection"
  >
    <div
      class="metaInfoRow"
    >
      <span
        class="metaInfoLabel"
      >
        Name and version:
      </span>
      Firefox 48
    </div>
    <div
      class="metaInfoRow"
    >
      <span
        class="metaInfoLabel"
      >
        Update Channel:
      </span>
      nightly
    </div>
    <div
      class="metaInfoRow"
    >
      <span
        class="metaInfoLabel"
      >
        Build ID:
      </span>
      20181126165837
    </div>
    <div
      class="metaInfoRow"
    >
      <span
        class="metaInfoLabel"
      >
        Build Type:
      </span>
      Debug
    </div>
    <div
      class="metaInfoRow"
    >
      <span
        class="metaInfoLabel"
      >
        Extensions
        :
      </span>
      <ul
        class="metaInfoList"
      >
        <li
          class="metaInfoListItem"
        >
          Form Autofill
        </li>
        <li
          class="metaInfoListItem"
        >
          Firefox Screenshots
        </li>
        <li
          class="metaInfoListItem"
        >
          Gecko Profiler
        </li>
      </ul>
    </div>
  </div>
  <h2
    class="metaInfoSubTitle"
  >
    Platform
  </h2>
  <div
    class="metaInfoSection"
  >
    <div
      class="metaInfoRow"
    >
      <span
        class="metaInfoLabel"
      >
        OS:
      </span>
      macOS 10.11
    </div>
    <div
      class="metaInfoRow"
    >
      <span
        class="metaInfoLabel"
      >
        ABI:
      </span>
      x86_64-gcc3
    </div>
    <div
      class="metaInfoRow"
    >
      <span
        class="metaInfoLabel"
      >
        CPU:
      </span>
      4 physical cores
      , 
      8 logical cores
    </div>
  </div>
</div>
`;

exports[`app/MenuButtons <Publish> can publish and revert 1`] = `
<body>
  <div>
    <button
      class="menuButtonsButton menuButtonsButton-hasIcon menuButtonsRevertButton"
      type="button"
    >
      Revert to Original Profile
    </button>
    <div
      class="buttonWithPanel"
    >
      <button
        aria-expanded="false"
        class="buttonWithPanelButton menuButtonsButton menuButtonsMetaInfoButtonButton menuButtonsButton-hasIcon menuButtonsMetaInfoButtonButton-uploaded"
        type="button"
      >
        Uploaded Profile
      </button>
    </div>
    <div
      class="buttonWithPanel"
    >
      <button
        aria-expanded="false"
        class="buttonWithPanelButton menuButtonsButton menuButtonsShareButtonButton menuButtonsButton-hasIcon"
        type="button"
      >
        Re-upload
      </button>
    </div>
    <div
      class="buttonWithPanel open"
    >
      <button
        aria-expanded="true"
        class="buttonWithPanelButton menuButtonsButton menuButtonsButton-hasIcon menuButtonsPermalinkButtonButton"
        type="button"
      >
        Permalink
      </button>
      <div
        class="arrowPanelAnchor"
      >
        <div
          class="arrowPanel open menuButtonsPermalinkPanel"
        >
          <div
            class="arrowPanelArrow"
          />
          <div
            class="arrowPanelContent"
          >
            <input
              class="menuButtonsPermalinkTextField photon-input"
              data-testid="MenuButtonsPermalink-input"
              readonly=""
              type="text"
              value="https://profiler.firefox.com/"
            />
          </div>
        </div>
      </div>
    </div>
    <a
      class="menuButtonsButton menuButtonsButton-hasLeftBorder"
      href="/docs/"
      target="_blank"
      title="Open the documentation in a new window"
    >
      Docs
      <i
        class="open-in-new"
      />
    </a>
  </div>
</body>
`;

exports[`app/MenuButtons <Publish> matches the snapshot for an error 1`] = `
<div
  class="menuButtonsPublishUpload"
  data-testid="MenuButtonsPublish-container"
>
  <div
    class="photon-message-bar photon-message-bar-error photon-message-bar-inner-content"
  >
    <div
      class="photon-message-bar-inner-text"
    >
      Uh oh, something went wrong when uploading the profile.
    </div>
    <button
      class="photon-button photon-button-micro photon-message-bar-action-button"
      type="button"
    >
      Try again
    </button>
  </div>
  <div
    class="menuButtonsPublishError"
  >
    This is a mock error
  </div>
</div>
`;

exports[`app/MenuButtons <Publish> matches the snapshot for the closed state 1`] = `
<div>
  <div
    class="buttonWithPanel"
  >
    <button
      aria-expanded="false"
      class="buttonWithPanelButton menuButtonsButton menuButtonsMetaInfoButtonButton menuButtonsButton-hasIcon menuButtonsMetaInfoButtonButton-local"
      type="button"
    >
      Local Profile
    </button>
  </div>
  <div
    class="buttonWithPanel"
  >
    <button
      aria-expanded="false"
      class="buttonWithPanelButton menuButtonsButton menuButtonsShareButtonButton menuButtonsButton-hasIcon"
      type="button"
    >
      Upload
    </button>
  </div>
  <a
    class="menuButtonsButton menuButtonsButton-hasLeftBorder"
    href="/docs/"
    target="_blank"
    title="Open the documentation in a new window"
  >
    Docs
    <i
      class="open-in-new"
    />
  </a>
</div>
`;

exports[`app/MenuButtons <Publish> matches the snapshot for the menu buttons and the opened panel for an already uploaded profile 1`] = `
<div>
  <div
    class="buttonWithPanel"
  >
    <button
      aria-expanded="false"
      class="buttonWithPanelButton menuButtonsButton menuButtonsMetaInfoButtonButton menuButtonsButton-hasIcon menuButtonsMetaInfoButtonButton-uploaded"
      type="button"
    >
      Uploaded Profile
    </button>
  </div>
  <div
    class="buttonWithPanel"
  >
    <button
      aria-expanded="false"
      class="buttonWithPanelButton menuButtonsButton menuButtonsShareButtonButton menuButtonsButton-hasIcon"
      type="button"
    >
      Re-upload
    </button>
  </div>
  <div
    class="buttonWithPanel"
  >
    <button
      aria-expanded="false"
      class="buttonWithPanelButton menuButtonsButton menuButtonsButton-hasIcon menuButtonsPermalinkButtonButton"
      type="button"
    >
      Permalink
    </button>
  </div>
  <a
    class="menuButtonsButton menuButtonsButton-hasLeftBorder"
    href="/docs/"
    target="_blank"
    title="Open the documentation in a new window"
  >
    Docs
    <i
      class="open-in-new"
    />
  </a>
</div>
`;

exports[`app/MenuButtons <Publish> matches the snapshot for the menu buttons and the opened panel for an already uploaded profile 2`] = `
<div
  data-testid="MenuButtonsPublish-container"
>
  <form
    class="menuButtonsPublishContent"
  >
    <div
      class="menuButtonsPublishIcon"
    />
    <h1
      class="menuButtonsPublishTitle"
    >
      Re-upload Performance Profile
    </h1>
    <p
      class="menuButtonsPublishInfoDescription"
    >
      Upload your profile and make it accessible to anyone with the link.
       By default, your personal data is removed.
    </p>
    <h3>
      Include additional data that may be identifiable
    </h3>
    <div
      class="menuButtonsPublishDataChoices"
    >
      <label
        class="photon-label menuButtonsPublishDataChoicesLabel"
      >
        <input
          class="photon-checkbox photon-checkbox-default"
          name="includeHiddenThreads"
          type="checkbox"
        />
        Include hidden threads
      </label>
      <label
        class="photon-label menuButtonsPublishDataChoicesLabel"
      >
        <input
          class="photon-checkbox photon-checkbox-default"
          name="includeFullTimeRange"
          type="checkbox"
        />
        Include hidden time range
      </label>
      <label
        class="photon-label menuButtonsPublishDataChoicesLabel"
      >
        <input
          class="photon-checkbox photon-checkbox-default"
          name="includeScreenshots"
          type="checkbox"
        />
        Include screenshots
      </label>
      <label
        class="photon-label menuButtonsPublishDataChoicesLabel"
      >
        <input
          class="photon-checkbox photon-checkbox-default"
          name="includeUrls"
          type="checkbox"
        />
        Include resource URLs and paths
      </label>
      <label
        class="photon-label menuButtonsPublishDataChoicesLabel"
      >
        <input
          class="photon-checkbox photon-checkbox-default"
          name="includeExtension"
          type="checkbox"
        />
        Include extension information
      </label>
    </div>
    <div
      class="menuButtonsPublishButtons"
    >
      <button
        class="photon-button menuButtonsPublishButton menuButtonsPublishButtonsDownload menuButtonsPublishButtonDisabled"
        type="button"
      >
        Compressing…
      </button>
      <button
        class="photon-button photon-button-primary menuButtonsPublishButton menuButtonsPublishButtonsUpload"
        type="submit"
      >
        <span
          class="menuButtonsPublishButtonsSvg menuButtonsPublishButtonsSvgUpload"
        />
        Upload
      </button>
    </div>
  </form>
</div>
`;

exports[`app/MenuButtons <Publish> matches the snapshot for the opened panel for a nightly profile 1`] = `
<div
  data-testid="MenuButtonsPublish-container"
>
  <form
    class="menuButtonsPublishContent"
  >
    <div
      class="menuButtonsPublishIcon"
    />
    <h1
      class="menuButtonsPublishTitle"
    >
      Share Performance Profile
    </h1>
    <p
      class="menuButtonsPublishInfoDescription"
    >
      Upload your profile and make it accessible to anyone with the link.
       This profile is from Firefox Nightly, so by default all information is included.
    </p>
    <h3>
      Include additional data that may be identifiable
    </h3>
    <div
      class="menuButtonsPublishDataChoices"
    >
      <label
        class="photon-label menuButtonsPublishDataChoicesLabel"
      >
        <input
          checked=""
          class="photon-checkbox photon-checkbox-default"
          name="includeHiddenThreads"
          type="checkbox"
        />
        Include hidden threads
      </label>
      <label
        class="photon-label menuButtonsPublishDataChoicesLabel"
      >
        <input
          checked=""
          class="photon-checkbox photon-checkbox-default"
          name="includeFullTimeRange"
          type="checkbox"
        />
        Include hidden time range
      </label>
      <label
        class="photon-label menuButtonsPublishDataChoicesLabel"
      >
        <input
          checked=""
          class="photon-checkbox photon-checkbox-default"
          name="includeScreenshots"
          type="checkbox"
        />
        Include screenshots
      </label>
      <label
        class="photon-label menuButtonsPublishDataChoicesLabel"
      >
        <input
          checked=""
          class="photon-checkbox photon-checkbox-default"
          name="includeUrls"
          type="checkbox"
        />
        Include resource URLs and paths
      </label>
      <label
        class="photon-label menuButtonsPublishDataChoicesLabel"
      >
        <input
          checked=""
          class="photon-checkbox photon-checkbox-default"
          name="includeExtension"
          type="checkbox"
        />
        Include extension information
      </label>
    </div>
    <div
      class="menuButtonsPublishButtons"
    >
      <button
        class="photon-button menuButtonsPublishButton menuButtonsPublishButtonsDownload menuButtonsPublishButtonDisabled"
        type="button"
      >
        Compressing…
      </button>
      <button
        class="photon-button photon-button-primary menuButtonsPublishButton menuButtonsPublishButtonsUpload"
        type="submit"
      >
        <span
          class="menuButtonsPublishButtonsSvg menuButtonsPublishButtonsSvgUpload"
        />
        Upload
      </button>
    </div>
  </form>
</div>
`;

exports[`app/MenuButtons <Publish> matches the snapshot for the opened panel for a release profile 1`] = `
<div
  data-testid="MenuButtonsPublish-container"
>
  <form
    class="menuButtonsPublishContent"
  >
    <div
      class="menuButtonsPublishIcon"
    />
    <h1
      class="menuButtonsPublishTitle"
    >
      Share Performance Profile
    </h1>
    <p
      class="menuButtonsPublishInfoDescription"
    >
      Upload your profile and make it accessible to anyone with the link.
       By default, your personal data is removed.
    </p>
    <h3>
      Include additional data that may be identifiable
    </h3>
    <div
      class="menuButtonsPublishDataChoices"
    >
      <label
        class="photon-label menuButtonsPublishDataChoicesLabel"
      >
        <input
          class="photon-checkbox photon-checkbox-default"
          name="includeHiddenThreads"
          type="checkbox"
        />
        Include hidden threads
      </label>
      <label
        class="photon-label menuButtonsPublishDataChoicesLabel"
      >
        <input
          class="photon-checkbox photon-checkbox-default"
          name="includeFullTimeRange"
          type="checkbox"
        />
        Include hidden time range
      </label>
      <label
        class="photon-label menuButtonsPublishDataChoicesLabel"
      >
        <input
          class="photon-checkbox photon-checkbox-default"
          name="includeScreenshots"
          type="checkbox"
        />
        Include screenshots
      </label>
      <label
        class="photon-label menuButtonsPublishDataChoicesLabel"
      >
        <input
          class="photon-checkbox photon-checkbox-default"
          name="includeUrls"
          type="checkbox"
        />
        Include resource URLs and paths
      </label>
      <label
        class="photon-label menuButtonsPublishDataChoicesLabel"
      >
        <input
          class="photon-checkbox photon-checkbox-default"
          name="includeExtension"
          type="checkbox"
        />
        Include extension information
      </label>
    </div>
    <div
      class="menuButtonsPublishButtons"
    >
      <button
        class="photon-button menuButtonsPublishButton menuButtonsPublishButtonsDownload menuButtonsPublishButtonDisabled"
        type="button"
      >
        Compressing…
      </button>
      <button
        class="photon-button photon-button-primary menuButtonsPublishButton menuButtonsPublishButtonsUpload"
        type="submit"
      >
        <span
          class="menuButtonsPublishButtonsSvg menuButtonsPublishButtonsSvgUpload"
        />
        Upload
      </button>
    </div>
  </form>
</div>
`;
