// Jest Snapshot v1, https://goo.gl/fbAQLP

exports[`renders StackChartGraph correctly 1`] = `
<div
  className="stackChart"
>
  <div
    className="stackChartSettings"
  >
    <ul
      className="stackChartSettingsList"
    >
      <li
        className="stackChartSettingsListItem"
      >
        <label
          className="stackChartSettingsLabel"
        >
          <input
            checked={false}
            className="stackChartSettingsCheckbox"
            onChange={[Function]}
            type="checkbox"
          />
           Hide platform details
        </label>
      </li>
      <li
        className="stackChartSettingsListItem"
      >
        <label
          className="stackChartSettingsLabel"
        >
          <input
            checked={false}
            className="stackChartSettingsCheckbox"
            onChange={[Function]}
            type="checkbox"
          />
           Invert call stack
        </label>
      </li>
    </ul>
    <div
      className="stackSearchField stackChartSettingsSearchField"
    >
      <label
        className="stackSearchFieldLabel"
      >
        Filter stacks: 
        <form
          className="idleSearchField stackSearchFieldInput"
          onSubmit={[Function]}
        >
          <input
            className="idleSearchFieldInput"
            name="search"
            onBlur={[Function]}
            onChange={[Function]}
            onFocus={[Function]}
            required="required"
            title="Only display stacks which contain a function whose name matches this substring"
            type="search"
            value=""
          />
          <input
            className="idleSearchFieldButton"
            onClick={[Function]}
            onFocus={[Function]}
            type="reset"
          />
        </form>
        <div
          className="stackSearchFieldIntroduction isHidden"
        >
          Did you know you can use the comma (,) to search using several terms?
        </div>
      </label>
    </div>
  </div>
  <div
    className="stackChartGraph"
  >
    <div
      className="stackChartLabels grippy"
      title="thread: \\"Empty\\" (0)
    process: \\"default\\" (0)"
    >
      <span>
        Empty
      </span>
    </div>
    <div
      className="chartViewport"
      onMouseDown={[Function]}
      onWheel={[Function]}
    >
      <div>
        <canvas
          className="chartCanvas stackChartCanvas"
          onDoubleClick={[Function]}
          onMouseMove={[Function]}
          onMouseOut={[Function]}
        />
      </div>
      <div
        className="chartViewportShiftScroll hidden"
      >
        Zoom Chart:
        <kbd
          className="chartViewportShiftScrollKbd"
        >
          Shift
        </kbd>
        <kbd
          className="chartViewportShiftScrollKbd"
        >
          Scroll
        </kbd>
      </div>
    </div>
  </div>
</div>
`;

exports[`renders StackChartGraph correctly 2`] = `
Array [
  Array [
    "scale",
    1,
    1,
  ],
  Array [
    "measureText",
    "abcdefghijklmnopqrstuvwxyzABCDEFGHIJKLMNOPQRSTUVWXYZ.()< /:-_",
  ],
  Array [
    "measureText",
    "â€¦",
  ],
  Array [
    "clearRect",
    0,
    0,
    200,
    300,
  ],
  Array [
    "set fillStyle",
    "#ededf0",
  ],
  Array [
    "fillRect",
    0,
    0,
    200,
    15,
  ],
  Array [
    "clearRect",
    0,
    0,
    1,
    15,
  ],
  Array [
    "measureText",
    "A",
  ],
  Array [
    "set fillStyle",
    "#000000",
  ],
  Array [
    "fillText",
    "A",
    3,
    11,
  ],
  Array [
    "set fillStyle",
    "#ededf0",
  ],
  Array [
    "fillRect",
    0,
    16,
    200,
    15,
  ],
  Array [
    "clearRect",
    0,
    16,
    1,
    15,
  ],
  Array [
    "measureText",
    "B",
  ],
  Array [
    "set fillStyle",
    "#000000",
  ],
  Array [
    "fillText",
    "B",
    3,
    27,
  ],
  Array [
    "set fillStyle",
    "#ededf0",
  ],
  Array [
    "fillRect",
    0,
    32,
    133.33333333333331,
    15,
  ],
  Array [
    "clearRect",
    0,
    32,
    1,
    15,
  ],
  Array [
    "measureText",
    "C",
  ],
  Array [
    "set fillStyle",
    "#000000",
  ],
  Array [
    "fillText",
    "C",
    3,
    43,
  ],
  Array [
    "set fillStyle",
    "#ededf0",
  ],
  Array [
    "fillRect",
    133.33333333333331,
    32,
    66.66666666666667,
    15,
  ],
  Array [
    "clearRect",
    133.33333333333331,
    32,
    1,
    15,
  ],
  Array [
    "measureText",
    "H",
  ],
  Array [
    "set fillStyle",
    "#000000",
  ],
  Array [
    "fillText",
    "H",
    136.33333333333331,
    43,
  ],
  Array [
    "set fillStyle",
    "#ededf0",
  ],
  Array [
    "fillRect",
    0,
    48,
    66.66666666666666,
    15,
  ],
  Array [
    "clearRect",
    0,
    48,
    1,
    15,
  ],
  Array [
    "measureText",
    "D",
  ],
  Array [
    "set fillStyle",
    "#000000",
  ],
  Array [
    "fillText",
    "D",
    3,
    59,
  ],
  Array [
    "set fillStyle",
    "#ededf0",
  ],
  Array [
    "fillRect",
    66.66666666666666,
    48,
    66.66666666666666,
    15,
  ],
  Array [
    "clearRect",
    66.66666666666666,
    48,
    1,
    15,
  ],
  Array [
    "measureText",
    "F",
  ],
  Array [
    "set fillStyle",
    "#000000",
  ],
  Array [
    "fillText",
    "F",
    69.66666666666666,
    59,
  ],
  Array [
    "set fillStyle",
    "#ededf0",
  ],
  Array [
    "fillRect",
    133.33333333333331,
    48,
    66.66666666666667,
    15,
  ],
  Array [
    "clearRect",
    133.33333333333331,
    48,
    1,
    15,
  ],
  Array [
    "measureText",
    "I",
  ],
  Array [
    "set fillStyle",
    "#000000",
  ],
  Array [
    "fillText",
    "I",
    136.33333333333331,
    59,
  ],
  Array [
    "set fillStyle",
    "#ededf0",
  ],
  Array [
    "fillRect",
    0,
    64,
    66.66666666666666,
    15,
  ],
  Array [
    "clearRect",
    0,
    64,
    1,
    15,
  ],
  Array [
    "measureText",
    "E",
  ],
  Array [
    "set fillStyle",
    "#000000",
  ],
  Array [
    "fillText",
    "E",
    3,
    75,
  ],
  Array [
    "set fillStyle",
    "#ededf0",
  ],
  Array [
    "fillRect",
    66.66666666666666,
    64,
    66.66666666666666,
    15,
  ],
  Array [
    "clearRect",
    66.66666666666666,
    64,
    1,
    15,
  ],
  Array [
    "measureText",
    "G",
  ],
  Array [
    "set fillStyle",
    "#000000",
  ],
  Array [
    "fillText",
    "G",
    69.66666666666666,
    75,
  ],
]
`;
